// Jest Snapshot v1, https://goo.gl/fbAQLP

exports[`Update Profile Snapshot Component Renders Should match snapshot 1`] = `null`;
