// Jest Snapshot v1, https://goo.gl/fbAQLP

exports[`Footer Component Renders Should match snapshot 1`] = `
<React.Fragment>
  <footer
    className="footer"
  >
    <Container
      fluid={true}
      tag="div"
    >
      <Row
        tag="div"
        widths={
          Array [
            "xs",
            "sm",
            "md",
            "lg",
            "xl",
            "xxl",
          ]
        }
      >
        <Col
          md={6}
          tag="div"
          widths={
            Array [
              "xs",
              "sm",
              "md",
              "lg",
              "xl",
              "xxl",
            ]
          }
        >
          2022
           Â© SAFERS.
        </Col>
        <Col
          md={6}
          tag="div"
          widths={
            Array [
              "xs",
              "sm",
              "md",
              "lg",
              "xl",
              "xxl",
            ]
          }
        />
      </Row>
    </Container>
  </footer>
</React.Fragment>
`;
